// Jest Snapshot v1, https://goo.gl/fbAQLP

exports[`Search renders correctly 1`] = `
<div
  className="header"
>
  <div
    className="circle"
  >
     
  </div>
  <div
    className="title"
  >
     
    Recruitment task
  </div>
  <div
    className="divider"
  >
     
  </div>
</div>
`;
